// Jest Snapshot v1, https://goo.gl/fbAQLP

exports[`HeroImageOverlay should render successfully 1`] = `
<div
  className="min-h-[35vh] hero rounded-lg overflow-hidden my-8"
  style={
    Object {
      "backgroundImage": "url(https://source.unsplash.com/random)",
    }
  }
>
  <div
    className="hero-overlay bg-opacity-60"
  />
  <div
    className="text-center hero-content text-primary-content"
  >
    <div
      className="max-w-md"
    >
      <h1
        className="mb-4 text-5xl font-bold"
      >
        Hello there
      </h1>
      Provident cupiditate voluptatem et in. Quaerat fugiat ut assumenda excepturi exercitationem quasi. In deleniti eaque aut repudiandae et a id nisi.
    </div>
  </div>
</div>
`;
