// Jest Snapshot v1, https://goo.gl/fbAQLP

exports[`Header should render successfully 1`] = `
<nav
  className="pt-4 bg-grey-900 text-grey-900-contrast"
>
  <div
    className="max-w-3xl px-4 mx-auto"
  >
    <div
      className="flex justify-between pb-4"
    >
      <div
        className="flex space-x-7"
      >
        <div>
          <a
            className="flex items-center px-2 py-4"
            href="/"
          >
            <span
              className="text-xl font-semibold"
              data-testid="site-brand"
            >
              Sourcier
            </span>
          </a>
        </div>
        <div
          className="items-center hidden space-x-1 md:flex"
        >
          <a
            className="px-2 py-4 font-semibold hover:text-amber"
            href="/"
          >
            Home
          </a>
          <a
            className="px-2 py-4 font-semibold hover:text-amber"
            href="/link"
          >
            Link
          </a>
        </div>
      </div>
      <div
        className="flex items-center md:hidden"
      >
        <button
          className="outline-none text-amber"
          onClick={[Function]}
        >
          <svg
            className="w-6 h-6"
            fill="currentColor"
            height="1em"
            stroke="currentColor"
            strokeWidth="0"
            style={
              Object {
                "color": undefined,
              }
            }
            viewBox="0 0 448 512"
            width="1em"
            xmlns="http://www.w3.org/2000/svg"
          >
            <path
              d="M16 132h416c8.837 0 16-7.163 16-16V76c0-8.837-7.163-16-16-16H16C7.163 60 0 67.163 0 76v40c0 8.837 7.163 16 16 16zm0 160h416c8.837 0 16-7.163 16-16v-40c0-8.837-7.163-16-16-16H16c-8.837 0-16 7.163-16 16v40c0 8.837 7.163 16 16 16zm0 160h416c8.837 0 16-7.163 16-16v-40c0-8.837-7.163-16-16-16H16c-8.837 0-16 7.163-16 16v40c0 8.837 7.163 16 16 16z"
            />
          </svg>
        </button>
      </div>
    </div>
  </div>
  <div
    className="h-screen text-center text-xl border-t-2 border-grey-800 pt-8 hidden"
  >
    <ul>
      <li>
        <a
          className="block px-2 py-4"
          href="/"
        >
          Home
        </a>
      </li>
      <li>
        <a
          className="block px-2 py-4"
          href="/link"
        >
          Link
        </a>
      </li>
    </ul>
  </div>
</nav>
`;
