// Jest Snapshot v1, https://goo.gl/fbAQLP

exports[`Hero should render successfully 1`] = `
<div
  className="min-h-[75vh] hero"
>
  <div
    className="text-center hero-content"
  >
    <div
      className="max-w-md"
    >
      <h1
        className="text-5xl font-bold"
      >
        Hello there
      </h1>
      <p
        className="py-6"
      >
        Provident cupiditate voluptatem et in. Quaerat fugiat ut assumenda excepturi exercitationem quasi. In deleniti eaque aut repudiandae et a id nisi.
      </p>
    </div>
  </div>
</div>
`;
