// Jest Snapshot v1, https://goo.gl/fbAQLP

exports[`Breadcrumbs should render successfully 1`] = `
<div
  className="text-lg breadcrumbs"
>
  <ul>
    <li>
      <a
        className="capitalize"
        href="/home"
      >
        <svg
          className="mr-2"
          fill="currentColor"
          height="1em"
          stroke="currentColor"
          strokeWidth="0"
          style={
            Object {
              "color": undefined,
            }
          }
          viewBox="0 0 16 16"
          width="1em"
          xmlns="http://www.w3.org/2000/svg"
        >
          <path
            d="M14.5 3H7.71l-.85-.85L6.51 2h-5l-.5.5v11l.5.5h13l.5-.5v-10L14.5 3zm-.51 8.49V13h-12V7h4.49l.35-.15.86-.86H14v1.5l-.01 4zm0-6.49h-6.5l-.35.15-.86.86H2v-3h4.29l.85.85.36.15H14l-.01.99z"
          />
        </svg>
        home
      </a>
    </li>
    <li>
      <a
        className="capitalize"
        href="/home/documents"
      >
        <svg
          className="mr-2"
          fill="currentColor"
          height="1em"
          stroke="currentColor"
          strokeWidth="0"
          style={
            Object {
              "color": undefined,
            }
          }
          viewBox="0 0 16 16"
          width="1em"
          xmlns="http://www.w3.org/2000/svg"
        >
          <path
            d="M14.5 3H7.71l-.85-.85L6.51 2h-5l-.5.5v11l.5.5h13l.5-.5v-10L14.5 3zm-.51 8.49V13h-12V7h4.49l.35-.15.86-.86H14v1.5l-.01 4zm0-6.49h-6.5l-.35.15-.86.86H2v-3h4.29l.85.85.36.15H14l-.01.99z"
          />
        </svg>
        documents
      </a>
    </li>
    <li>
      <a
        className="capitalize"
        href="/home/documents/add-document"
      >
        <svg
          className="mr-2"
          fill="currentColor"
          height="1em"
          stroke="currentColor"
          strokeWidth="0"
          style={
            Object {
              "color": undefined,
            }
          }
          viewBox="0 0 16 16"
          width="1em"
          xmlns="http://www.w3.org/2000/svg"
        >
          <path
            clipRule="evenodd"
            d="M13.71 4.29l-3-3L10 1H4L3 2v12l1 1h9l1-1V5l-.29-.71zM13 14H4V2h5v4h4v8zm-3-9V2l3 3h-3z"
            fillRule="evenodd"
          />
        </svg>
        add document
      </a>
    </li>
  </ul>
</div>
`;
